warning: Git tree '/etc/nixos' is dirty
this path will be fetched (0.05 MiB download, 0.25 MiB unpacked):
  /nix/store/2kv1wg01za3sfzkpskhacjngc2yq5wj1-nixos-rebuild-ng-0.0.0
copying path '/nix/store/2kv1wg01za3sfzkpskhacjngc2yq5wj1-nixos-rebuild-ng-0.0.0' from 'https://cache.nixos.org'...
building the system configuration...
warning: Git tree '/etc/nixos' is dirty
these 47 derivations will be built:
  /nix/store/5m4kjdlfys8nr8vd2jzpgk0600gp0m0v-firmware.drv
  /nix/store/fxr90vyh8qiw75nm4n8d1gzj2yzr4m30-linux-6.17.2-modules.drv
  /nix/store/gd4z3zl1wckr01iqhgyvjsgkk7w3zbyb-linux-6.17.2-modules-shrunk.drv
  /nix/store/1bms8jdarzqr5bg0w35cshgrsc324da5-closure-info.drv
  /nix/store/jjxa837hqa0j3ql4mp5h3rgk9jn9q42q-nixos-help.drv
  /nix/store/cpbblb8m5j1f8vbdx24b1z34jsivlqfj-nixos-help.drv
  /nix/store/g7h71qk5p2bfcvdkv1myg82nw9wriglw-nixos-version.drv
  /nix/store/1i3w67yzaszriw9kkvjc9cx36nfhxw1s-system-path.drv
  /nix/store/p4g4qps4fwij009cc3hfww8m4h6m0s75-options.json.drv
  /nix/store/lff5m5zym9by0sw1nhwkylsfcc1y4zyj-home-configuration-reference-manpage.drv
  /nix/store/sw97pgy82m5ngplhbfcyhxcca622min8-home-manager-path.drv
  /nix/store/29h9c87dph087llziyv7n69fc7jhslyj-activation-script.drv
  /nix/store/1q4mjb6pnbz2izd5fd3qvlx522hizpa3-home-manager-generation.drv
  /nix/store/k61c33g6cb67is05hl3q0j5wzf2jk9z9-desktops.drv
  /nix/store/489xqybwsyh4lqhcbcb5kywmy9z3sn5v-set-environment.drv
  /nix/store/3cpl3i76aajipjmp990l5dqc0i0ninpw-etc-zshenv.drv
  /nix/store/447frnbrmgddcz3gsx5wwz98198b3qrm-etc-nix-registry.json.drv
  /nix/store/4d35176iwv4h4h3a1ay12r4j0p0q0pbh-etc-os-release.drv
  /nix/store/l4xzyi2zvq0276r3yf7w2wmaj1zx398g-udev-rules.drv
  /nix/store/53f03pga3z81nj1dz53waqvayf5pnhyl-X-Restart-Triggers-systemd-udevd.drv
  /nix/store/jwgfbdrnaxcg99syjij6n5s5giqaig3l-dbus-1.drv
  /nix/store/w1hwbvynkl8kxx0fgpsp8kwdrgz0s5h2-X-Restart-Triggers-dbus.drv
  /nix/store/5f7gsv14gx0pd9mjqky3hp9kabivnmhz-unit-dbus.service.drv
  /nix/store/73ajzg7q940sq9rll4g242yy080s1n15-system-shutdown.drv
  /nix/store/8fjb0c4cmd7xvwgyb7ihs0ncp5v6m001-unit-systemd-timesyncd.service.drv
  /nix/store/8kmhih9q4hzqaalz83k02fqrp8z9z9mz-unit-dbus.service.drv
  /nix/store/c8fcfn0y9k4ppdx3c9xal2rb5acra0hz-X-Restart-Triggers-polkit.drv
  /nix/store/ip3smc4fal4d3z9dhwc4kj848n5468z5-etc-profile.drv
  /nix/store/j78195924q9dixih3amd8g0n2v1fl6j6-system-generators.drv
  /nix/store/r8r2fk09inn3v19gph63y89mk7xyp1gl-unit-home-manager-deepshell.service.drv
  /nix/store/lpp77x6ya5prycfijchvyczz4gj6c20y-shutdown-ramfs-contents.json.drv
  /nix/store/wv8fhi5lxdfccyqhd862axb9z7fcsrkd-unit-generate-shutdown-ramfs.service.drv
  /nix/store/x5wzh5cc8kaf80xsm79l7k4hjvpbvy1w-unit-polkit.service.drv
  /nix/store/y2wb2wavmy6spgxg10w3sb05jaiwyakv-unit-systemd-udevd.service.drv
  /nix/store/ks17j2vf1178i4ighb7hri82lwx5a94g-system-units.drv
  /nix/store/kwbr154xf37v1a9wswanjcam85s5ijnl-hwdb.bin.drv
  /nix/store/l9ah1nadrwrswgwkx9ww39vwvwcssbhb-issue.drv
  /nix/store/pzcpd7sxbwsdvpbxagw78kkxlzk0jnm9-etc-pam-environment.drv
  /nix/store/sai9hakh1sb8r1vc6srnzd9nqsfnsd5p-user-generators.drv
  /nix/store/qvly7gfvfdqc0d1y2h7c1yyib5q0r7n8-unit-wireplumber.service.drv
  /nix/store/vmc4aw8v98wygzczmc53891cqr94la49-user-units.drv
  /nix/store/wzmv67705km0ynv9zlvr04nkqflns68f-sddm.conf.drv
  /nix/store/xrzz4as7ydaayixb45pyargll24b2mh5-etc-modprobe.d-firmware.conf.drv
  /nix/store/fjcb0zv3fl4193bmy4cw622d0bj1lf26-etc.drv
  /nix/store/j2jggpqm8vab2qg6pmwk1wxgdzjvxnjl-initrd-linux-6.17.2.drv
  /nix/store/smbb0cya4l95j0wyi6ifb6w6sw3m6sz1-boot.json.drv
  /nix/store/v30amyan9wijjxvxfj8ag1lncbcm2l4k-nixos-system-Nixtilus-25.11.20251012.cf3f5c4.drv
these 26 paths will be fetched (1008.20 MiB download, 1542.93 MiB unpacked):
  /nix/store/ps3r2mj20bddm5pysgwdialv9qn8kdcq-amd-ucode-20251011
  /nix/store/f9g93y8qcffps6bm3m6yy1ffmrvm7a5l-bitwarden-desktop-2025.9.0
  /nix/store/3a6x7g0pxxpi9z3q05g4bwvwlajpvr3i-dnsmasq-2.91
  /nix/store/a4a3axbknq1x1g2sfj2ylbzg8kkx0xkr-electron-36.9.4
  /nix/store/i7b67hj52vascbpa21v37cs08zash6z1-electron-unwrapped-36.9.4
  /nix/store/vk5bpz5r60p668ls82znhnkg7iy4xd61-gnome-settings-daemon-48.1-gsettings-schemas
  /nix/store/2mbg0s91dd15kw1kgp78mf69ak0qav5y-hyprland-0.51.1
  /nix/store/c6bzfzr0lf76sv1bfwpyfk27hn0sx9rq-hyprland-0.51.1-man
  /nix/store/s2iwbbp0vzii09ngywwcqyv5sqy7aljl-libei-1.5.0
  /nix/store/gs120a0sgfa31ixipr7nj3j87qxnm94m-linux-6.17.2
  /nix/store/g8clb490dr5cb5iqlkbx82fplwds3985-linux-6.17.2-modules
  /nix/store/srmi9qc94n7l4rq9v0lpfpng2ajn84v8-linux-firmware-20251011-zstd
  /nix/store/rilcccdw42a5wj4hvzyvbac2bd53lfbq-networkmanager-1.52.1
  /nix/store/5p95jshlh2h557hgdza70m9v8ay6pvxi-networkmanager-1.52.1-doc
  /nix/store/z5szc0qrw5fdkkpmvw2a9m7v94chfp2f-networkmanager-1.52.1-man
  /nix/store/pzig8r2ggf0g7vhr2snrxlrx6mdx3r33-nftables-1.1.5
  /nix/store/j1dyx4aniwqvwqdfg2srag7r0dlsiiaj-nixos-configuration-reference-manpage
  /nix/store/hazf88216xywazy9rcyqz6xifwahsyzr-nixos-manual-html
  /nix/store/3gdyhwx7wn52w6qpbzdr9nacnmfab4l9-weston-14.0.1
  /nix/store/cmiqvam5ybv4qwgc3xawnar289z4rm11-wireless-regdb-2025.10.07-zstd
  /nix/store/g3awkmwwzxv1h35n1blmzi5qg64zpwj2-wireplumber-0.5.12
  /nix/store/9wsbyax6c734d5xl108s1myld6km9gpk-wireplumber-0.5.12-doc
  /nix/store/3qv41yqdm77039cp804z5mq16zc767jd-xdg-desktop-portal-1.20.3
  /nix/store/qzzqjmnka4qicqk79ddxb0x7k412kcl2-xdg-desktop-portal-gtk-1.15.3
  /nix/store/n5bycsaacp2kjhgkbyrzjr2lpxp7b2nr-xdg-desktop-portal-hyprland-1.3.10
  /nix/store/86bgi4fvs67nlsm974759s9ldjd7d5an-xwayland-24.1.8
copying path '/nix/store/gs120a0sgfa31ixipr7nj3j87qxnm94m-linux-6.17.2' from 'https://cache.nixos.org'...
copying path '/nix/store/c6bzfzr0lf76sv1bfwpyfk27hn0sx9rq-hyprland-0.51.1-man' from 'https://cache.nixos.org'...
copying path '/nix/store/g8clb490dr5cb5iqlkbx82fplwds3985-linux-6.17.2-modules' from 'https://cache.nixos.org'...
copying path '/nix/store/srmi9qc94n7l4rq9v0lpfpng2ajn84v8-linux-firmware-20251011-zstd' from 'https://cache.nixos.org'...
copying path '/nix/store/5p95jshlh2h557hgdza70m9v8ay6pvxi-networkmanager-1.52.1-doc' from 'https://cache.nixos.org'...
copying path '/nix/store/z5szc0qrw5fdkkpmvw2a9m7v94chfp2f-networkmanager-1.52.1-man' from 'https://cache.nixos.org'...
copying path '/nix/store/j1dyx4aniwqvwqdfg2srag7r0dlsiiaj-nixos-configuration-reference-manpage' from 'https://cache.nixos.org'...
copying path '/nix/store/hazf88216xywazy9rcyqz6xifwahsyzr-nixos-manual-html' from 'https://cache.nixos.org'...
copying path '/nix/store/cmiqvam5ybv4qwgc3xawnar289z4rm11-wireless-regdb-2025.10.07-zstd' from 'https://cache.nixos.org'...
copying path '/nix/store/9wsbyax6c734d5xl108s1myld6km9gpk-wireplumber-0.5.12-doc' from 'https://cache.nixos.org'...
copying path '/nix/store/vk5bpz5r60p668ls82znhnkg7iy4xd61-gnome-settings-daemon-48.1-gsettings-schemas' from 'https://cache.nixos.org'...
copying path '/nix/store/ps3r2mj20bddm5pysgwdialv9qn8kdcq-amd-ucode-20251011' from 'https://cache.nixos.org'...
copying path '/nix/store/2mbg0s91dd15kw1kgp78mf69ak0qav5y-hyprland-0.51.1' from 'https://cache.nixos.org'...
copying path '/nix/store/g3awkmwwzxv1h35n1blmzi5qg64zpwj2-wireplumber-0.5.12' from 'https://cache.nixos.org'...
copying path '/nix/store/3qv41yqdm77039cp804z5mq16zc767jd-xdg-desktop-portal-1.20.3' from 'https://cache.nixos.org'...
copying path '/nix/store/s2iwbbp0vzii09ngywwcqyv5sqy7aljl-libei-1.5.0' from 'https://cache.nixos.org'...
building '/nix/store/447frnbrmgddcz3gsx5wwz98198b3qrm-etc-nix-registry.json.drv'...
building '/nix/store/4d35176iwv4h4h3a1ay12r4j0p0q0pbh-etc-os-release.drv'...
building '/nix/store/l9ah1nadrwrswgwkx9ww39vwvwcssbhb-issue.drv'...
building '/nix/store/g7h71qk5p2bfcvdkv1myg82nw9wriglw-nixos-version.drv'...
building '/nix/store/8fjb0c4cmd7xvwgyb7ihs0ncp5v6m001-unit-systemd-timesyncd.service.drv'...
building '/nix/store/p4g4qps4fwij009cc3hfww8m4h6m0s75-options.json.drv'...
copying path '/nix/store/pzig8r2ggf0g7vhr2snrxlrx6mdx3r33-nftables-1.1.5' from 'https://cache.nixos.org'...
copying path '/nix/store/i7b67hj52vascbpa21v37cs08zash6z1-electron-unwrapped-36.9.4' from 'https://cache.nixos.org'...
copying path '/nix/store/qzzqjmnka4qicqk79ddxb0x7k412kcl2-xdg-desktop-portal-gtk-1.15.3' from 'https://cache.nixos.org'...
building '/nix/store/lpp77x6ya5prycfijchvyczz4gj6c20y-shutdown-ramfs-contents.json.drv'...
building '/nix/store/wv8fhi5lxdfccyqhd862axb9z7fcsrkd-unit-generate-shutdown-ramfs.service.drv'...
copying path '/nix/store/86bgi4fvs67nlsm974759s9ldjd7d5an-xwayland-24.1.8' from 'https://cache.nixos.org'...
building '/nix/store/lff5m5zym9by0sw1nhwkylsfcc1y4zyj-home-configuration-reference-manpage.drv'...
building '/nix/store/qvly7gfvfdqc0d1y2h7c1yyib5q0r7n8-unit-wireplumber.service.drv'...
copying path '/nix/store/3a6x7g0pxxpi9z3q05g4bwvwlajpvr3i-dnsmasq-2.91' from 'https://cache.nixos.org'...
copying path '/nix/store/rilcccdw42a5wj4hvzyvbac2bd53lfbq-networkmanager-1.52.1' from 'https://cache.nixos.org'...
copying path '/nix/store/3gdyhwx7wn52w6qpbzdr9nacnmfab4l9-weston-14.0.1' from 'https://cache.nixos.org'...
building '/nix/store/jjxa837hqa0j3ql4mp5h3rgk9jn9q42q-nixos-help.drv'...
building '/nix/store/cpbblb8m5j1f8vbdx24b1z34jsivlqfj-nixos-help.drv'...
building '/nix/store/kwbr154xf37v1a9wswanjcam85s5ijnl-hwdb.bin.drv'...
building '/nix/store/l4xzyi2zvq0276r3yf7w2wmaj1zx398g-udev-rules.drv'...
building '/nix/store/53f03pga3z81nj1dz53waqvayf5pnhyl-X-Restart-Triggers-systemd-udevd.drv'...
building '/nix/store/y2wb2wavmy6spgxg10w3sb05jaiwyakv-unit-systemd-udevd.service.drv'...
copying path '/nix/store/n5bycsaacp2kjhgkbyrzjr2lpxp7b2nr-xdg-desktop-portal-hyprland-1.3.10' from 'https://cache.nixos.org'...
building '/nix/store/k61c33g6cb67is05hl3q0j5wzf2jk9z9-desktops.drv'...
building '/nix/store/pzcpd7sxbwsdvpbxagw78kkxlzk0jnm9-etc-pam-environment.drv'...
building '/nix/store/wzmv67705km0ynv9zlvr04nkqflns68f-sddm.conf.drv'...
building '/nix/store/489xqybwsyh4lqhcbcb5kywmy9z3sn5v-set-environment.drv'...
building '/nix/store/ip3smc4fal4d3z9dhwc4kj848n5468z5-etc-profile.drv'...
building '/nix/store/3cpl3i76aajipjmp990l5dqc0i0ninpw-etc-zshenv.drv'...
building '/nix/store/j78195924q9dixih3amd8g0n2v1fl6j6-system-generators.drv'...
building '/nix/store/1i3w67yzaszriw9kkvjc9cx36nfhxw1s-system-path.drv'...
building '/nix/store/73ajzg7q940sq9rll4g242yy080s1n15-system-shutdown.drv'...
building '/nix/store/sai9hakh1sb8r1vc6srnzd9nqsfnsd5p-user-generators.drv'...
building '/nix/store/c8fcfn0y9k4ppdx3c9xal2rb5acra0hz-X-Restart-Triggers-polkit.drv'...
building '/nix/store/jwgfbdrnaxcg99syjij6n5s5giqaig3l-dbus-1.drv'...
building '/nix/store/x5wzh5cc8kaf80xsm79l7k4hjvpbvy1w-unit-polkit.service.drv'...
building '/nix/store/w1hwbvynkl8kxx0fgpsp8kwdrgz0s5h2-X-Restart-Triggers-dbus.drv'...
building '/nix/store/5f7gsv14gx0pd9mjqky3hp9kabivnmhz-unit-dbus.service.drv'...
building '/nix/store/8kmhih9q4hzqaalz83k02fqrp8z9z9mz-unit-dbus.service.drv'...
building '/nix/store/vmc4aw8v98wygzczmc53891cqr94la49-user-units.drv'...
copying path '/nix/store/a4a3axbknq1x1g2sfj2ylbzg8kkx0xkr-electron-36.9.4' from 'https://cache.nixos.org'...
copying path '/nix/store/f9g93y8qcffps6bm3m6yy1ffmrvm7a5l-bitwarden-desktop-2025.9.0' from 'https://cache.nixos.org'...
building '/nix/store/sw97pgy82m5ngplhbfcyhxcca622min8-home-manager-path.drv'...
building '/nix/store/29h9c87dph087llziyv7n69fc7jhslyj-activation-script.drv'...
building '/nix/store/1q4mjb6pnbz2izd5fd3qvlx522hizpa3-home-manager-generation.drv'...
building '/nix/store/r8r2fk09inn3v19gph63y89mk7xyp1gl-unit-home-manager-deepshell.service.drv'...
building '/nix/store/ks17j2vf1178i4ighb7hri82lwx5a94g-system-units.drv'...
building '/nix/store/fxr90vyh8qiw75nm4n8d1gzj2yzr4m30-linux-6.17.2-modules.drv'...
building '/nix/store/5m4kjdlfys8nr8vd2jzpgk0600gp0m0v-firmware.drv'...
building '/nix/store/xrzz4as7ydaayixb45pyargll24b2mh5-etc-modprobe.d-firmware.conf.drv'...
building '/nix/store/gd4z3zl1wckr01iqhgyvjsgkk7w3zbyb-linux-6.17.2-modules-shrunk.drv'...
building '/nix/store/fjcb0zv3fl4193bmy4cw622d0bj1lf26-etc.drv'...
building '/nix/store/1bms8jdarzqr5bg0w35cshgrsc324da5-closure-info.drv'...
building '/nix/store/j2jggpqm8vab2qg6pmwk1wxgdzjvxnjl-initrd-linux-6.17.2.drv'...
building '/nix/store/smbb0cya4l95j0wyi6ifb6w6sw3m6sz1-boot.json.drv'...
building '/nix/store/v30amyan9wijjxvxfj8ag1lncbcm2l4k-nixos-system-Nixtilus-25.11.20251012.cf3f5c4.drv'...
updating GRUB 2 menu...
Warning: os-prober will be executed to detect other bootable partitions.
Its output will be used to detect bootable binaries on them and create new boot entries.
lsblk: /dev/mapper/no*[0-9]: not a block device
lsblk: /dev/mapper/block*[0-9]: not a block device
lsblk: /dev/mapper/devices*[0-9]: not a block device
lsblk: /dev/mapper/found*[0-9]: not a block device
stopping the following units: NetworkManager.service, systemd-timesyncd.service
activating the configuration...
setting up /etc...
reloading user units for deepshell...
restarting sysinit-reactivation.target
reloading the following units: dbus.service
restarting the following units: polkit.service, systemd-udevd.service
starting the following units: NetworkManager.service, systemd-timesyncd.service
the following new units were started: NetworkManager-dispatcher.service, systemd-hostnamed.service
Done. The new configuration is /nix/store/xc64vyp7yxkhvmmrlsalfv6l97hyc5xa-nixos-system-Nixtilus-25.11.20251012.cf3f5c4
